../Dev/App/experiment/experiment_task.c:97:13:experiment_task_init	16	static
../Dev/App/experiment/experiment_task.c:131:13:experiment_task_dispatch	24	static
../Dev/App/experiment/experiment_task.c:142:6:experiment_task_ctor	24	static
../Dev/App/experiment/experiment_task.c:152:6:experiment_task_singleton_ctor	40	static
../Dev/App/experiment/experiment_task.c:164:6:experiment_task_start	16	static
../Dev/App/experiment/experiment_task.c:170:16:experiment_task_state_manual_handler	16	static
../Dev/App/experiment/experiment_task.c:208:16:experiment_task_state_data_aqui_handler	40	static
../Dev/App/experiment/experiment_task.c:309:16:experiment_task_state_send_to_shell_handler	16	static
../Dev/App/experiment/experiment_task.c:358:16:experiment_task_state_send_to_spi_handler	16	static
../Dev/App/experiment/experiment_task.c:388:10:experiment_task_get_ram_data	24	static
../Dev/App/experiment/experiment_task.c:399:10:experiment_task_data_transfer	16	static
../Dev/App/experiment/experiment_task.c:411:10:experiment_task_done_send_header_evt	16	static
../Dev/App/experiment/experiment_task.c:417:10:experiment_task_done_read_ram_evt	16	static
../Dev/App/experiment/experiment_task.c:423:10:experiment_task_done_send_chunk	16	static
../Dev/App/experiment/experiment_task.c:430:10:experiment_task_laser_set_current	24	static
../Dev/App/experiment/experiment_task.c:443:10:experiment_task_laser_get_current	24	static
../Dev/App/experiment/experiment_task.c:453:10:experiment_task_int_laser_switchon	16	static
../Dev/App/experiment/experiment_task.c:466:10:experiment_task_int_laser_switchoff	16	static
../Dev/App/experiment/experiment_task.c:478:10:experiment_task_ext_laser_switchon	16	static
../Dev/App/experiment/experiment_task.c:491:10:experiment_task_ext_laser_switchoff	16	static
../Dev/App/experiment/experiment_task.c:503:10:experiment_task_photodiode_switchon	16	static
../Dev/App/experiment/experiment_task.c:512:10:experiment_task_photodiode_switchoff	16	static
../Dev/App/experiment/experiment_task.c:520:10:experiment_task_photo_ADC_prepare_SPI	16	static
../Dev/App/experiment/experiment_task.c:526:10:experiment_task_set_pda	16	static
../Dev/App/experiment/experiment_task.c:542:10:experiment_task_set_intensity	16	static
../Dev/App/experiment/experiment_task.c:551:10:experiment_task_set_position	16	static
../Dev/App/experiment/experiment_task.c:558:10:experiment_task_set_profile	24	static
../Dev/App/experiment/experiment_task.c:572:6:experiment_task_get_profile	24	static
../Dev/App/experiment/experiment_task.c:577:10:experiment_start_measuring	24	static
../Dev/App/experiment/experiment_task.c:588:10:experiment_sample_send_to_spi	16	static
../Dev/App/experiment/experiment_task.c:597:13:experiment_update_profile	16	static
../Dev/App/experiment/experiment_task.c:617:13:experiment_validate_profile	8	static
